{
 class: "VueSourceComponent",
 defaultName: "Rename",
 components: {
  BothScriptsJS: <recursive value of class VueSourceComponent>,
 },
 props: [
  {
   class: "VuePsiNamedElementInputProperty",
   name: "optional",
   jsType: "Struct",
   required: false,
  },
 ],
}
