{
 class: "VueSourceComponent",
 defaultName: "TestComponent",
 props: [
  {
   class: "VueStringLiteralInputProperty",
   name: "optional",
   required: false,
  },
  {
   class: "VueStringLiteralInputProperty",
   name: "required",
   required: false,
  },
 ],
}
