{
 class: "VueSourceComponent",
 defaultName: "PropsConstructorsAndGenerics",
 props: [
  {
   class: "VuePsiNamedElementInputProperty",
   name: "autofocus",
   jsType: "boolean",
   required: false,
  },
  {
   class: "VuePsiNamedElementInputProperty",
   name: "msg",
   jsType: "string",
   required: true,
  },
  {
   class: "VuePsiNamedElementInputProperty",
   name: "value",
   jsType: "number",
   required: false,
  },
 ],
}
