(method) <span style="color:#914c07;"><a href="https://developer.mozilla.org/en-us/docs/Web/JavaScript/Reference/Global_Objects/Number">Number</a>.toFixed</span><span style="">(fractionDigits?:&#32;</span><span style="color:#000080;">number</span><span style="">):&#32;</span><span style="color:#000080;">string</span><br/>[ide]<br/>(method) <span style="color:#914c07;"><a href="https://developer.mozilla.org/en-us/docs/Web/JavaScript/Reference/Global_Objects/Number">Number</a>.toFixed</span><span style="">(fractionDigits?:&#32;</span><span style="color:#000080;">number</span><span style="">):&#32;</span><span style="color:#000080;">string</span> <span style="color:808080;">(lib.es5.d.ts)</span>