(alias) <span style="">ref&lt;string | number&gt;</span><span style="">(value:&#32;</span><span style="color:#000080;">string&#32;</span><span style="">|&#32;</span><span style="color:#000080;">number</span><span style="">):&#32;<a href="psi_element://Ref">Ref</a>&lt;</span><span style="color:#000080;">any</span><span style="">&gt;&#32;</span>(+2 overloads)<br/>import ref<br/>[ide]<br/><span style="color:#000080;">export&#32;function&#32;</span><span style="">ref&lt;number | string&gt;</span><span style="">(value:&#32;</span><span style="color:#000080;">number&#32;</span><span style="">|&#32;</span><span style="color:#000080;">string</span><span style="">):&#32;</span><span style="color:#000080;">number&#32;extends&#32;</span><span style=""><a href="psi_element://Ref"><a href="psi_element://Ref">Ref</a></a>&#32;?&#32;</span><span style="color:#000080;">number&#32;</span><span style="">:&#32;<a href="psi_element://Ref"><a href="psi_element://Ref">Ref</a></a>&lt;<a href="psi_element://UnwrapRef"><a href="psi_element://UnwrapRef">UnwrapRef</a></a>&lt;</span><span style="color:#000080;">number</span><span style="">&gt;&gt;&#32;|&#32;</span><span style="color:#000080;">string&#32;extends&#32;</span><span style=""><a href="psi_element://Ref"><a href="psi_element://Ref">Ref</a></a>&#32;?&#32;</span><span style="color:#000080;">string&#32;</span><span style="">:&#32;<a href="psi_element://Ref"><a href="psi_element://Ref">Ref</a></a>&lt;<a href="psi_element://UnwrapRef"><a href="psi_element://UnwrapRef">UnwrapRef</a></a>&lt;</span><span style="color:#000080;">string</span><span style="">&gt;&gt;</span> <span style="color:808080;">(reactivity.d.ts)</span>